,len:4
ho 8 tail 4 room 4
load:ï¿½ets Jun  8 2016 00:22:57

rst:0x1 (POWERON_RESET),boot:0x13 (SPI_FAST_FLASH_BOOT)
configsip: 0, SPIWP:0xee
clk_drv:0x00,q_drv:0x00,d_drv:0x00,cs0_drv:0x00,hd_drv:0x00,wp_drv:0x00
mode:DIO, clock div:2
load:0x3fff0030,len:7080
load:0x40078000,len:15584
load:0x40080400,len:4
ho 8 tail 4 room 4
load:0x40080404,len:3876
entry 0x4008064c
[0;32mI (31) boot: ESP-IDF v5.1.1 2nd stage bootloader[0m
[0;32mI (31) boot: compile time Dec  5 2023 13:16:13[0m
[0;32mI (31) boot: Multicore bootloader[0m
[0;32mI (35) boot: chip revision: v1.0[0m
[0;32mI (39) boot.esp32: SPI Speed      : 40MHz[0m
[0;32mI (43) boot.esp32: SPI Mode       : DIO[0m
[0;32mI (48) boot.esp32: SPI Flash Size : 2MB[0m
[0;32mI (52) boot: Enabling RNG early entropy source...[0m
[0;32mI (58) boot: Partition Table:[0m
[0;32mI (61) boot: ## Label            Usage          Type ST Offset   Length[0m
[0;32mI (69) boot:  0 nvs              WiFi data        01 02 00009000 00006000[0m
[0;32mI (76) boot:  1 phy_init         RF data          01 01 0000f000 00001000[0m
[0;32mI (84) boot:  2 factory          factory app      00 00 00010000 00100000[0m
[0;32mI (91) boot: End of partition table[0m
[0;32mI (95) esp_image: segment 0: paddr=00010020 vaddr=3f400020 size=09cc0h ( 40128) map[0m
[0;32mI (118) esp_image: segment 1: paddr=00019ce8 vaddr=3ffb0000 size=02148h (  8520) load[0m
[0;32mI (122) esp_image: segment 2: paddr=0001be38 vaddr=40080000 size=041e0h ( 16864) load[0m
[0;32mI (131) esp_image: segment 3: paddr=00020020 vaddr=400d0020 size=17b40h ( 97088) map[0m
[0;32mI (168) esp_image: segment 4: paddr=00037b68 vaddr=400841e0 size=08650h ( 34384) load[0m
[0;32mI (188) boot: Loaded app from partition at offset 0x10000[0m
[0;32mI (189) boot: Disabling RNG early entropy source...[0m
[0;32mI (200) cpu_start: Multicore app[0m
[0;32mI (200) cpu_start: Pro cpu up.[0m
[0;32mI (200) cpu_start: Starting app cpu, entry point is 0x400811fc[0m
[0;32mI (0) cpu_start: App cpu up.[0m
[0;32mI (218) cpu_start: Pro cpu start user code[0m
[0;32mI (218) cpu_start: cpu freq: 160000000 Hz[0m
[0;32mI (218) cpu_start: Application information:[0m
[0;32mI (223) cpu_start: Project name:     nvs_rw_value[0m
[0;32mI (229) cpu_start: App version:      a7a223f-dirty[0m
[0;32mI (234) cpu_start: Compile time:     Dec  5 2023 13:25:03[0m
[0;32mI (240) cpu_start: ELF file SHA256:  3477eee9fb8eb272...[0m
[0;32mI (246) cpu_start: ESP-IDF:          v5.1.1[0m
[0;32mI (251) cpu_start: Min chip rev:     v0.0[0m
[0;32mI (256) cpu_start: Max chip rev:     v3.99 [0m
[0;32mI (260) cpu_start: Chip rev:         v1.0[0m
[0;32mI (265) heap_init: Initializing. RAM available for dynamic allocation:[0m
[0;32mI (273) heap_init: At 3FFAE6E0 len 00001920 (6 KiB): DRAM[0m
[0;32mI (278) heap_init: At 3FFB29E8 len 0002D618 (181 KiB): DRAM[0m
[0;32mI (285) heap_init: At 3FFE0440 len 00003AE0 (14 KiB): D/IRAM[0m
[0;32mI (291) heap_init: At 3FFE4350 len 0001BCB0 (111 KiB): D/IRAM[0m
[0;32mI (298) heap_init: At 4008C830 len 000137D0 (77 KiB): IRAM[0m
[0;32mI (305) spi_flash: detected chip: generic[0m
[0;32mI (308) spi_flash: flash io: dio[0m
[0;33mW (312) spi_flash: Detected size(4096k) larger than the size in the binary image header(2048k). Using the size in the binary image header.[0m
[0;32mI (326) app_start: Starting scheduler on CPU0[0m
[0;32mI (330) app_start: Starting scheduler on CPU1[0m
[0;32mI (330) main_task: Started on CPU0[0m
[0;32mI (340) main_task: Calling app_main()[0m

Opening Non-Volatile Storage (NVS) handle... Done
Reading restart counter from NVS ... Done
Restart counter = 1
Updating restart counter in NVS ... Done
Committing updates in NVS ... Done

Restarting in 10 seconds...
Restarting in 9 seconds...
Restarting in 8 seconds...
Restarting in 7 seconds...
Restarting in 6 seconds...
Restarting in 5 seconds...
Restarting in 4 seconds...
Restarting in 3 seconds...
Restarting in 2 seconds...
Restarting in 1 seconds...
Restarting in 0 seconds...
Restarting now.
ets Jun  8 2016 00:22:57

rst:0xc (SW_CPU_RESET),boot:0x13 (SPI_FAST_FLASH_BOOT)
configsip: 0, SPIWP:0xee
clk_drv:0x00,q_drv:0x00,d_drv:0x00,cs0_drv:0x00,hd_drv:0x00,wp_drv:0x00
mode:DIO, clock div:2
load:0x3fff0030,len:7080
load:0x40078000,len:15584
load:0x40080400,len:4
ho 8 tail 4 room 4
load:0x40080404,len:3876
entry 0x4008064c
[0;32mI (30) boot: ESP-IDF v5.1.1 2nd stage bootloader[0m
[0;32mI (31) boot: compile time Dec  5 2023 13:16:13[0m
[0;32mI (31) boot: Multicore bootloader[0m
[0;32mI (35) boot: chip revision: v1.0[0m
[0;32mI (39) boot.esp32: SPI Speed      : 40MHz[0m
[0;32mI (44) boot.esp32: SPI Mode       : DIO[0m
[0;32mI (48) boot.esp32: SPI Flash Size : 2MB[0m
[0;32mI (53) boot: Enabling RNG early entropy source...[0m
[0;32mI (58) boot: Partition Table:[0m
[0;32mI (62) boot: ## Label            Usage          Type ST Offset   Length[0m
[0;32mI (69) boot:  0 nvs              WiFi data        01 02 00009000 00006000[0m
[0;32mI (76) boot:  1 phy_init         RF data          01 01 0000f000 00001000[0m
[0;32mI (84) boot:  2 factory          factory app      00 00 00010000 00100000[0m
[0;32mI (91) boot: End of partition table[0m
[0;32mI (96) esp_image: segment 0: paddr=00010020 vaddr=3f400020 size=09cc0h ( 40128) map[0m
[0;32mI (119) esp_image: segment 1: paddr=00019ce8 vaddr=3ffb0000 size=02148h (  8520) load[0m
[0;32mI (122) esp_image: segment 2: paddr=0001be38 vaddr=40080000 size=041e0h ( 16864) load[0m
[0;32mI (131) esp_image: segment 3: paddr=00020020 vaddr=400d0020 size=17b40h ( 97088) map[0m
[0;32mI (168) esp_image: segment 4: paddr=00037b68 vaddr=400841e0 size=08650h ( 34384) load[0m
[0;32mI (189) boot: Loaded app from partition at offset 0x10000[0m
[0;32mI (189) boot: Disabling RNG early entropy source...[0m
[0;32mI (200) cpu_start: Multicore app[0m
[0;32mI (201) cpu_start: Pro cpu up.[0m
[0;32mI (201) cpu_start: Starting app cpu, entry point is 0x400811fc[0m
[0;32mI (188) cpu_start: App cpu up.[0m
[0;32mI (219) cpu_start: Pro cpu start user code[0m
[0;32mI (219) cpu_start: cpu freq: 160000000 Hz[0m
[0;32mI (219) cpu_start: Application information:[0m
[0;32mI (224) cpu_start: Project name:     nvs_rw_value[0m
[0;32mI (229) cpu_start: App version:      a7a223f-dirty[0m
[0;32mI (234) cpu_start: Compile time:     Dec  5 2023 13:25:03[0m
[0;32mI (240) cpu_start: ELF file SHA256:  3477eee9fb8eb272...[0m
[0;32mI (246) cpu_start: ESP-IDF:          v5.1.1[0m
[0;32mI (251) cpu_start: Min chip rev:     v0.0[0m
[0;32mI (256) cpu_start: Max chip rev:     v3.99 [0m
[0;32mI (261) cpu_start: Chip rev:         v1.0[0m
[0;32mI (266) heap_init: Initializing. RAM available for dynamic allocation:[0m
[0;32mI (273) heap_init: At 3FFAE6E0 len 00001920 (6 KiB): DRAM[0m
[0;32mI (279) heap_init: At 3FFB29E8 len 0002D618 (181 KiB): DRAM[0m
[0;32mI (285) heap_init: At 3FFE0440 len 00003AE0 (14 KiB): D/IRAM[0m
[0;32mI (291) heap_init: At 3FFE4350 len 0001BCB0 (111 KiB): D/IRAM[0m
[0;32mI (298) heap_init: At 4008C830 len 000137D0 (77 KiB): IRAM[0m
[0;32mI (306) spi_flash: detected chip: generic[0m
[0;32mI (309) spi_flash: flash io: dio[0m
[0;33mW (313) spi_flash: Detected size(4096k) larger than the size in the binary image header(2048k). Using the size in the binary image header.[0m
[0;32mI (326) app_start: Starting scheduler on CPU0[0m
[0;32mI (331) app_start: Starting scheduler on CPU1[0m
[0;32mI (331) main_task: Started on CPU0[0m
[0;32mI (341) main_task: Calling app_main()[0m

Opening Non-Volatile Storage (NVS) handle... Done
Reading restart counter from NVS ... Done
Restart counter = 2
Updating restart counter in NVS ... Done
Committing updates in NVS ... Done

Restarting in 10 seconds...
Restarting in 9 seconds...
Restarting in 8 seconds...
Restarting in 7 seconds...
Restarting in 6 seconds...
Restarting in 5 seconds...
Restarting in 4 seconds...
Restarting in 3 seconds...
Restarting in 2 seconds...
Restarting in 1 seconds...
Restarting in 0 seconds...
Restarting now.
ets Jun  8 2016 00:22:57

rst:0xc (SW_CPU_RESET),boot:0x13 (SPI_FAST_FLASH_BOOT)
configsip: 0, SPIWP:0xee
clk_drv:0x00,q_drv:0x00,d_drv:0x00,cs0_drv:0x00,hd_drv:0x00,wp_drv:0x00
mode:DIO, clock div:2
load:0x3fff0030,len:7080
load:0x40078000,len:15584
load:0x40080400,len:4
ho 8 tail 4 room 4
load:0x40080404,len:3876
entry 0x4008064c
[0;32mI (30) boot: ESP-IDF v5.1.1 2nd stage bootloader[0m
[0;32mI (31) boot: compile time Dec  5 2023 13:16:13[0m
[0;32mI (31) boot: Multicore bootloader[0m
[0;32mI (35) boot: chip revision: v1.0[0m
[0;32mI (39) boot.esp32: SPI Speed      : 40MHz[0m
[0;32mI (44) boot.esp32: SPI Mode       : DIO[0m
[0;32mI (48) boot.esp32: SPI Flash Size : 2MB[0m
[0;32mI (53) boot: Enabling RNG early entropy source...[0m
[0;32mI (58) boot: Partition Table:[0m
[0;32mI (62) boot: ## Label            Usage          Type ST Offset   Length[0m
[0;32mI (69) boot:  0 nvs              WiFi data        01 02 00009000 00006000[0m
[0;32mI (76) boot:  1 phy_init         RF data          01 01 0000f000 00001000[0m
[0;32mI (84) boot:  2 factory          factory app      00 00 00010000 00100000[0m
[0;32mI (91) boot: End of partition table[0m
[0;32mI (96) esp_image: segment 0: paddr=00010020 vaddr=3f400020 size=09cc0h ( 40128) map[0m
[0;32mI (119) esp_image: segment 1: paddr=00019ce8 vaddr=3ffb0000 size=02148h (  8520) load[0m
[0;32mI (122) esp_image: segment 2: paddr=0001be38 vaddr=40080000 size=041e0h ( 16864) load[0m
[0;32mI (131) esp_image: segment 3: paddr=00020020 vaddr=400d0020 size=17b40h ( 97088) map[0m
[0;32mI (168) esp_image: segment 4: paddr=00037b68 vaddr=400841e0 size=08650h ( 34384) load[0m
[0;32mI (189) boot: Loaded app from partition at offset 0x10000[0m
[0;32mI (189) boot: Disabling RNG early entropy source...[0m
[0;32mI (200) cpu_start: Multicore app[0m
[0;32mI (201) cpu_start: Pro cpu up.[0m
[0;32mI (201) cpu_start: Starting app cpu, entry point is 0x400811fc[0m
[0;32mI (188) cpu_start: App cpu up.[0m
[0;32mI (219) cpu_start: Pro cpu start user code[0m
[0;32mI (219) cpu_start: cpu freq: 160000000 Hz[0m
[0;32mI (219) cpu_start: Application information:[0m
[0;32mI (224) cpu_start: Project name:     nvs_rw_value[0m
[0;32mI (229) cpu_start: App version:      a7a223f-dirty[0m
[0;32mI (234) cpu_start: Compile time:     Dec  5 2023 13:25:03[0m
[0;32mI (240) cpu_start: ELF file SHA256:  3477eee9fb8eb272...[0m
[0;32mI (246) cpu_start: ESP-IDF:          v5.1.1[0m
[0;32mI (251) cpu_start: Min chip rev:     v0.0[0m
[0;32mI (256) cpu_start: Max chip rev:     v3.99 [0m
[0;32mI (261) cpu_start: Chip rev:         v1.0[0m
[0;32mI (266) heap_init: Initializing. RAM available for dynamic allocation:[0m
[0;32mI (273) heap_init: At 3FFAE6E0 len 00001920 (6 KiB): DRAM[0m
[0;32mI (279) heap_init: At 3FFB29E8 len 0002D618 (181 KiB): DRAM[0m
[0;32mI (285) heap_init: At 3FFE0440 len 00003AE0 (14 KiB): D/IRAM[0m
[0;32mI (291) heap_init: At 3FFE4350 len 0001BCB0 (111 KiB): D/IRAM[0m
[0;32mI (298) heap_init: At 4008C830 len 000137D0 (77 KiB): IRAM[0m
[0;32mI (306) spi_flash: detected chip: generic[0m
[0;32mI (309) spi_flash: flash io: dio[0m
[0;33mW (313) spi_flash: Detected size(4096k) larger than the size in the binary image header(2048k). Using the size in the binary image header.[0m
[0;32mI (326) app_start: Starting scheduler on CPU0[0m
[0;32mI (331) app_start: Starting scheduler on CPU1[0m
[0;32mI (331) main_task: Started on CPU0[0m
[0;32mI (341) main_task: Calling app_main()[0m

Opening Non-Volatile Storage (NVS) handle... Done
Reading restart counter from NVS ... Done
Restart counter = 3
Updating restart counter in NVS ... Done
Committing updates in NVS ... Done

Restarting in 10 seconds...
Restarting in 9 seconds...
Restarting in 8 seconds...
Restarting in 7 seconds...
Restarting in 6 seconds...
Restarting in 5 seconds...
Restarting in 4 seconds...
Restarting in 3 seconds...
Restarting in 2 seconds...
Restarting in 1 seconds...
Restarting in 0 seconds...
Restarting now.
ets Jun  8 2016 00:22:57

rst:0xc (SW_CPU_RESET),boot:0x13 (SPI_FAST_FLASH_BOOT)
configsip: 0, SPIWP:0xee
clk_drv:0x00,q_drv:0x00,d_drv:0x00,cs0_drv:0x00,hd_drv:0x00,wp_drv:0x00
mode:DIO, clock div:2
load:0x3fff0030,len:7080
load:0x40078000,len:15584
load:0x40080400,len:4
ho 8 tail 4 room 4
load:0x40080404,len:3876
entry 0x4008064c
[0;32mI (30) boot: ESP-IDF v5.1.1 2nd stage bootloader[0m
[0;32mI (31) boot: compile time Dec  5 2023 13:16:13[0m
[0;32mI (31) boot: Multicore bootloader[0m
[0;32mI (35) boot: chip revision: v1.0[0m
[0;32mI (39) boot.esp32: SPI Speed      : 40MHz[0m
[0;32mI (44) boot.esp32: SPI Mode       : DIO[0m
[0;32mI (48) boot.esp32: SPI Flash Size : 2MB[0m
[0;32mI (53) boot: Enabling RNG early entropy source...[0m
[0;32mI (58) boot: Partition Table:[0m
[0;32mI (62) boot: ## Label            Usage          Type ST Offset   Length[0m
[0;32mI (69) boot:  0 nvs              WiFi data        01 02 00009000 00006000[0m
[0;32mI (76) boot:  1 phy_init         RF data          01 01 0000f000 00001000[0m
[0;32mI (84) boot:  2 factory          factory app      00 00 00010000 00100000[0m
[0;32mI (91) boot: End of partition table[0m
[0;32mI (96) esp_image: segment 0: paddr=00010020 vaddr=3f400020 size=09cc0h ( 40128) map[0m
[0;32mI (119) esp_image: segment 1: paddr=00019ce8 vaddr=3ffb0000 size=02148h (  8520) load[0m
[0;32mI (122) esp_image: segment 2: paddr=0001be38 vaddr=40080000 size=041e0h ( 16864) load[0m
[0;32mI (131) esp_image: segment 3: paddr=00020020 vaddr=400d0020 size=17b40h ( 97088) map[0m
[0;32mI (168) esp_image: segment 4: paddr=00037b68 vaddr=400841e0 size=08650h ( 34384) load[0m
[0;32mI (189) boot: Loaded app from partition at offset 0x10000[0m
[0;32mI (189) boot: Disabling RNG early entropy source...[0m
[0;32mI (200) cpu_start: Multicore app[0m
[0;32mI (201) cpu_start: Pro cpu up.[0m
[0;32mI (201) cpu_start: Starting app cpu, entry point is 0x400811fc[0m
[0;32mI (188) cpu_start: App cpu up.[0m
[0;32mI (219) cpu_start: Pro cpu start user code[0m
[0;32mI (219) cpu_start: cpu freq: 160000000 Hz[0m
[0;32mI (219) cpu_start: Application information:[0m
[0;32mI (224) cpu_start: Project name:     nvs_rw_value[0m
[0;32mI (229) cpu_start: App version:      a7a223f-dirty[0m
[0;32mI (234) cpu_start: Compile time:     Dec  5 2023 13:25:03[0m
[0;32mI (240) cpu_start: ELF file SHA256:  3477eee9fb8eb272...[0m
[0;32mI (246) cpu_start: ESP-IDF:          v5.1.1[0m
[0;32mI (251) cpu_start: Min chip rev:     v0.0[0m
[0;32mI (256) cpu_start: Max chip rev:     v3.99 [0m
[0;32mI (261) cpu_start: Chip rev:         v1.0[0m
[0;32mI (266) heap_init: Initializing. RAM available for dynamic allocation:[0m
[0;32mI (273) heap_init: At 3FFAE6E0 len 00001920 (6 KiB): DRAM[0m
[0;32mI (279) heap_init: At 3FFB29E8 len 0002D618 (181 KiB): DRAM[0m
[0;32mI (285) heap_init: At 3FFE0440 len 00003AE0 (14 KiB): D/IRAM[0m
[0;32mI (291) heap_init: At 3FFE4350 len 0001BCB0 (111 KiB): D/IRAM[0m
[0;32mI (298) heap_init: At 4008C830 len 000137D0 (77 KiB): IRAM[0m
[0;32mI (306) spi_flash: detected chip: generic[0m
[0;32mI (309) spi_flash: flash io: dio[0m
[0;33mW (313) spi_flash: Detected size(4096k) larger than the size in the binary image header(2048k). Using the size in the binary image header.[0m
[0;32mI (326) app_start: Starting scheduler on CPU0[0m
[0;32mI (331) app_start: Starting scheduler on CPU1[0m
[0;32mI (331) main_task: Started on CPU0[0m
[0;32mI (341) main_task: Calling app_main()[0m

Opening Non-Volatile Storage (NVS) handle... Done
Reading restart counter from NVS ... Done
Restart counter = 4
Updating restart counter in NVS ... Done
Committing updates in NVS ... Done

Restarting in 10 seconds...
Restarting in 9 seconds...
Restarting in 8 seconds...
Restarting in 7 seconds...
Restarting in 6 seconds...
Restarting in 5 seconds...
Restarting in 4 seconds...
Restarting in 3 seconds...
Restarting in 2 seconds...
Restarting in 1 seconds...
Restarting in 0 seconds...
Restarting now.
ets Jun  8 2016 00:22:57

rst:0xc (SW_CPU_RESET),boot:0x13 (SPI_FAST_FLASH_BOOT)
configsip: 0, SPIWP:0xee
clk_drv:0x00,q_drv:0x00,d_drv:0x00,cs0_drv:0x00,hd_drv:0x00,wp_drv:0x00
mode:DIO, clock div:2
load:0x3fff0030,len:7080
load:0x40078000,len:15584
load:0x40080400,len:4
ho 8 tail 4 room 4
load:0x40080404,len:3876
entry 0x4008064c
[0;32mI (30) boot: ESP-IDF v5.1.1 2nd stage bootloader[0m
[0;32mI (31) boot: compile time Dec  5 2023 13:16:13[0m
[0;32mI (31) boot: Multicore bootloader[0m
[0;32mI (35) boot: chip revision: v1.0[0m
[0;32mI (39) boot.esp32: SPI Speed      : 40MHz[0m
[0;32mI (44) boot.esp32: SPI Mode       : DIO[0m
[0;32mI (48) boot.esp32: SPI Flash Size : 2MB[0m
[0;32mI (53) boot: Enabling RNG early entropy source...[0m
[0;32mI (58) boot: Partition Table:[0m
[0;32mI (62) boot: ## Label            Usage          Type ST Offset   Length[0m
[0;32mI (69) boot:  0 nvs              WiFi data        01 02 00009000 00006000[0m
[0;32mI (76) boot:  1 phy_init         RF data          01 01 0000f000 00001000[0m
[0;32mI (84) boot:  2 factory          factory app      00 00 00010000 00100000[0m
[0;32mI (91) boot: End of partition table[0m
[0;32mI (96) esp_image: segment 0: paddr=00010020 vaddr=3f400020 size=09cc0h ( 40128) map[0m
[0;32mI (119) esp_image: segment 1: paddr=00019ce8 vaddr=3ffb0000 size=02148h (  8520) load[0m
[0;32mI (122) esp_image: segment 2: paddr=0001be38 vaddr=40080000 size=041e0h ( 16864) load[0m
[0;32mI (131) esp_image: segment 3: paddr=00020020 vaddr=400d0020 size=17b40h ( 97088) map[0m
[0;32mI (168) esp_image: segment 4: paddr=00037b68 vaddr=400841e0 size=08650h ( 34384) load[0m
[0;32mI (189) boot: Loaded app from partition at offset 0x10000[0m
[0;32mI (189) boot: Disabling RNG early entropy source...[0m
[0;32mI (200) cpu_start: Multicore app[0m
[0;32mI (201) cpu_start: Pro cpu up.[0m
[0;32mI (201) cpu_start: Starting app cpu, entry point is 0x400811fc[0m
[0;32mI (188) cpu_start: App cpu up.[0m
[0;32mI (219) cpu_start: Pro cpu start user code[0m
[0;32mI (219) cpu_start: cpu freq: 160000000 Hz[0m
[0;32mI (219) cpu_start: Application information:[0m
[0;32mI (224) cpu_start: Project name:     nvs_rw_value[0m
[0;32mI (229) cpu_start: App version:      a7a223f-dirty[0m
[0;32mI (234) cpu_start: Compile time:     Dec  5 2023 13:25:03[0m
[0;32mI (240) cpu_start: ELF file SHA256:  3477eee9fb8eb272...[0m
[0;32mI (246) cpu_start: ESP-IDF:          v5.1.1[0m
[0;32mI (251) cpu_start: Min chip rev:     v0.0[0m
[0;32mI (256) cpu_start: Max chip rev:     v3.99 [0m
[0;32mI (261) cpu_start: Chip rev:         v1.0[0m
[0;32mI (266) heap_init: Initializing. RAM available for dynamic allocation:[0m
[0;32mI (273) heap_init: At 3FFAE6E0 len 00001920 (6 KiB): DRAM[0m
[0;32mI (279) heap_init: At 3FFB29E8 len 0002D618 (181 KiB): DRAM[0m
[0;32mI (285) heap_init: At 3FFE0440 len 00003AE0 (14 KiB): D/IRAM[0m
[0;32mI (291) heap_init: At 3FFE4350 len 0001BCB0 (111 KiB): D/IRAM[0m
[0;32mI (298) heap_init: At 4008C830 len 000137D0 (77 KiB): IRAM[0m
[0;32mI (306) spi_flash: detected chip: generic[0m
[0;32mI (309) spi_flash: flash io: dio[0m
[0;33mW (313) spi_flash: Detected size(4096k) larger than the size in the binary image header(2048k). Using the size in the binary image header.[0m
[0;32mI (326) app_start: Starting scheduler on CPU0[0m
[0;32mI (331) app_start: Starting scheduler on CPU1[0m
[0;32mI (331) main_task: Started on CPU0[0m
[0;32mI (341) main_task: Calling app_main()[0m

Opening Non-Volatile Storage (NVS) handle... Done
Reading restart counter from NVS ... Done
Restart counter = 5
Updating restart counter in NVS ... Done
Committing updates in NVS ... Done

Restarting in 10 seconds...
Restarting in 9 seconds...
Restarting in 8 seconds...
Restarting in 7 seconds...
Restarting in 6 seconds...
Restarting in 5 seconds...
Restarting in 4 seconds...
Restarting in 3 seconds...
Restarting in 2 seconds...
Restarting in 1 seconds...
Restarting in 0 seconds...
Restarting now.
ets Jun  8 2016 00:22:57

rst:0xc (SW_CPU_RESET),boot:0x13 (SPI_FAST_FLASH_BOOT)
configsip: 0, SPIWP:0xee
clk_drv:0x00,q_drv:0x00,d_drv:0x00,cs0_drv:0x00,hd_drv:0x00,wp_drv:0x00
mode:DIO, clock div:2
load:0x3fff0030,len:7080
load:0x40078000,len:15584
load:0x40080400,len:4
ho 8 tail 4 room 4
load:0x40080404,len:3876
entry 0x4008064c
[0;32mI (30) boot: ESP-IDF v5.1.1 2nd stage bootloader[0m
[0;32mI (31) boot: compile time Dec  5 2023 13:16:13[0m
[0;32mI (31) boot: Multicore bootloader[0m
[0;32mI (35) boot: chip revision: v1.0[0m
[0;32mI (39) boot.esp32: SPI Speed      : 40MHz[0m
[0;32mI (44) boot.esp32: SPI Mode       : DIO[0m
[0;32mI (48) boot.esp32: SPI Flash Size : 2MB[0m
[0;32mI (53) boot: Enabling RNG early entropy source...[0m
[0;32mI (58) boot: Partition Table:[0m
[0;32mI (62) boot: ## Label            Usage          Type ST Offset   Length[0m
[0;32mI (69) boot:  0 nvs              WiFi data        01 02 00009000 00006000[0m
[0;32mI (76) boot:  1 phy_init         RF data          01 01 0000f000 00001000[0m
[0;32mI (84) boot:  2 factory          factory app      00 00 00010000 00100000[0m
[0;32mI (91) boot: End of partition table[0m
[0;32mI (96) esp_image: segment 0: paddr=00010020 vaddr=3f400020 size=09cc0h ( 40128) map[0m
[0;32mI (119) esp_image: segment 1: paddr=00019ce8 vaddr=3ffb0000 size=02148h (  8520) load[0m
[0;32mI (122) esp_image: segment 2: paddr=0001be38 vaddr=40080000 size=041e0h ( 16864) load[0m
[0;32mI (131) esp_image: segment 3: paddr=00020020 vaddr=400d0020 size=17b40h ( 97088) map[0m
[0;32mI (168) esp_image: segment 4: paddr=00037b68 vaddr=400841e0 size=08650h ( 34384) load[0m
[0;32mI (189) boot: Loaded app from partition at offset 0x10000[0m
[0;32mI (189) boot: Disabling RNG early entropy source...[0m
[0;32mI (200) cpu_start: Multicore app[0m
[0;32mI (201) cpu_start: Pro cpu up.[0m
[0;32mI (201) cpu_start: Starting app cpu, entry point is 0x400811fc[0m
[0;32mI (188) cpu_start: App cpu up.[0m
[0;32mI (219) cpu_start: Pro cpu start user code[0m
[0;32mI (219) cpu_start: cpu freq: 160000000 Hz[0m
[0;32mI (219) cpu_start: Application information:[0m
[0;32mI (224) cpu_start: Project name:     nvs_rw_value[0m
[0;32mI (229) cpu_start: App version:      a7a223f-dirty[0m
[0;32mI (234) cpu_start: Compile time:     Dec  5 2023 13:25:03[0m
[0;32mI (240) cpu_start: ELF file SHA256:  3477eee9fb8eb272...[0m
[0;32mI (246) cpu_start: ESP-IDF:          v5.1.1[0m
[0;32mI (251) cpu_start: Min chip rev:     v0.0[0m
[0;32mI (256) cpu_start: Max chip rev:     v3.99 [0m
[0;32mI (261) cpu_start: Chip rev:         v1.0[0m
[0;32mI (266) heap_init: Initializing. RAM available for dynamic allocation:[0m
[0;32mI (273) heap_init: At 3FFAE6E0 len 00001920 (6 KiB): DRAM[0m
[0;32mI (279) heap_init: At 3FFB29E8 len 0002D618 (181 KiB): DRAM[0m
[0;32mI (285) heap_init: At 3FFE0440 len 00003AE0 (14 KiB): D/IRAM[0m
[0;32mI (291) heap_init: At 3FFE4350 len 0001BCB0 (111 KiB): D/IRAM[0m
[0;32mI (298) heap_init: At 4008C830 len 000137D0 (77 KiB): IRAM[0m
[0;32mI (306) spi_flash: detected chip: generic[0m
[0;32mI (309) spi_flash: flash io: dio[0m
[0;33mW (313) spi_flash: Detected size(4096k) larger than the size in the binary image header(2048k). Using the size in the binary image header.[0m
[0;32mI (326) app_start: Starting scheduler on CPU0[0m
[0;32mI (331) app_start: Starting scheduler on CPU1[0m
[0;32mI (331) main_task: Started on CPU0[0m
[0;32mI (341) main_task: Calling app_main()[0m

Opening Non-Volatile Storage (NVS) handle... Done
Reading restart counter from NVS ... Done
Restart counter = 6
Updating restart counter in NVS ... Done
Committing updates in NVS ... Done

Restarting in 10 seconds...
Restarting in 9 seconds...
Restarting in 8 seconds...
Restarting in 7 seconds...
Restarting in 6 seconds...
Restarting in 5 seconds...
Restarting in 